overloaded(Double, Double)
overloaded(String, String)
