BadTwrSyntax.java:14:42: compiler.err.try.resource.trailing.semi
1 error
